

================================================================
== Vitis HLS Report for 'numeric_top'
================================================================
* Date:           Mon Oct  5 16:19:56 2026

* Version:        2024.1.2 (Build 5096458 on Sep  5 2024)
* Project:        smoke
* Solution:       solution1 (Vivado IP Flow Target)
* Product family: zynquplus
* Target device:  xczu9eg-ffvb1156-2-e


================================================================
== Performance Estimates
================================================================
+ Timing: 
    * Summary: 
    +--------+----------+----------+------------+
    |  Clock |  Target  | Estimated| Uncertainty|
    +--------+----------+----------+------------+
    |ap_clk  |  10.00 ns|  6.360 ns|     2.70 ns|
    +--------+----------+----------+------------+

+ Latency: 
    * Summary: 
    +---------+---------+----------+----------+-----+-----+---------+
    |  Latency (cycles) |  Latency (absolute) |  Interval | Pipeline|
    |   min   |   max   |    min   |    max   | min | max |   Type  |
    +---------+---------+----------+----------+-----+-----+---------+
    |      155|      155|  1.550 us|  1.550 us|  156|  156|       no|
    +---------+---------+----------+----------+-----+-----+---------+

    + Detail: 
        * Instance: 
        +-------------------------------------------------+--------------------------------------+---------+---------+----------+----------+-----+-----+-----------------------------------------------+
        |                                                 |                                      |  Latency (cycles) |  Latency (absolute) |  Interval |                    Pipeline                   |
        |                     Instance                    |                Module                |   min   |   max   |    min   |    max   | min | max |                      Type                     |
        +-------------------------------------------------+--------------------------------------+---------+---------+----------+----------+-----+-----+-----------------------------------------------+
        |grp_numeric_top_Pipeline_VITIS_LOOP_28_1_fu_170  |numeric_top_Pipeline_VITIS_LOOP_28_1  |       65|       65|  0.650 us|  0.650 us|   64|   64|  loop auto-rewind stp(delay=0 clock cycles(s))|
        +-------------------------------------------------+--------------------------------------+---------+---------+----------+----------+-----+-----+-----------------------------------------------+

        * Loop: 
        N/A



================================================================
== Utilization Estimates
================================================================
* Summary: 
+-----------------+---------+------+--------+--------+-----+
|       Name      | BRAM_18K|  DSP |   FF   |   LUT  | URAM|
+-----------------+---------+------+--------+--------+-----+
|DSP              |        -|     -|       -|       -|    -|
|Expression       |        -|     -|       0|    1213|    -|
|FIFO             |        -|     -|       -|       -|    -|
|Instance         |        -|    54|    1887|    2280|    -|
|Memory           |       10|     -|       0|       0|    -|
|Multiplexer      |        -|     -|       0|     516|    -|
|Register         |        -|     -|     683|       -|    -|
+-----------------+---------+------+--------+--------+-----+
|Total            |       10|    54|    2570|    4009|    0|
+-----------------+---------+------+--------+--------+-----+
|Available        |     1824|  2520|  548160|  274080|    0|
+-----------------+---------+------+--------+--------+-----+
|Utilization (%)  |       ~0|     2|      ~0|       1|    0|
+-----------------+---------+------+--------+--------+-----+

+ Detail: 
    * Instance: 
    +-------------------------------------------------+--------------------------------------+---------+----+-----+-----+-----+
    |                     Instance                    |                Module                | BRAM_18K| DSP|  FF | LUT | URAM|
    +-------------------------------------------------+--------------------------------------+---------+----+-----+-----+-----+
    |mul_128ns_128ns_256_1_1_U5                       |mul_128ns_128ns_256_1_1               |        0|  50|    0|  312|    0|
    |mul_23ns_22ns_45_1_1_U3                          |mul_23ns_22ns_45_1_1                  |        0|   2|    0|   31|    0|
    |mul_23ns_23ns_45_1_1_U4                          |mul_23ns_23ns_45_1_1                  |        0|   2|    0|   31|    0|
    |grp_numeric_top_Pipeline_VITIS_LOOP_28_1_fu_170  |numeric_top_Pipeline_VITIS_LOOP_28_1  |        0|   0|  329|  959|    0|
    |sdiv_86ns_64s_64_90_seq_1_U6                     |sdiv_86ns_64s_64_90_seq_1             |        0|   0|  779|  469|    0|
    |sparsemux_7_2_23_1_1_U8                          |sparsemux_7_2_23_1_1                  |        0|   0|    0|    9|    0|
    |srem_86ns_64s_63_90_seq_1_U7                     |srem_86ns_64s_63_90_seq_1             |        0|   0|  779|  469|    0|
    +-------------------------------------------------+--------------------------------------+---------+----+-----+-----+-----+
    |Total                                            |                                      |        0|  54| 1887| 2280|    0|
    +-------------------------------------------------+--------------------------------------+---------+----+-----+-----+-----+

    * DSP: 
    N/A

    * Memory: 
    +-----------+---------------------+---------+---+----+-----+------+-----+------+-------------+
    |   Memory  |        Module       | BRAM_18K| FF| LUT| URAM| Words| Bits| Banks| W*Bits*Banks|
    +-----------+---------------------+---------+---+----+-----+------+-----+------+-------------+
    |table_r_U  |table_r_ROM_AUTO_1R  |       10|  0|   0|    0|  4097|   23|     1|        94231|
    +-----------+---------------------+---------+---+----+-----+------+-----+------+-------------+
    |Total      |                     |       10|  0|   0|    0|  4097|   23|     1|        94231|
    +-----------+---------------------+---------+---+----+-----+------+-----+------+-------------+

    * FIFO: 
    N/A

    * Expression: 
    +-----------------------+----------+----+---+-----+------------+------------+
    |     Variable Name     | Operation| DSP| FF| LUT | Bitwidth P0| Bitwidth P1|
    +-----------------------+----------+----+---+-----+------------+------------+
    |add_ln19_fu_437_p2     |         +|   0|  0|   71|          64|           2|
    |add_ln307_fu_270_p2    |         +|   0|  0|   20|          13|           1|
    |add_ln33_fu_410_p2     |         +|   0|  0|   71|          64|           1|
    |value_2_fu_323_p2      |         +|   0|  0|   52|          45|          45|
    |sub_ln302_fu_245_p2    |         -|   0|  0|   34|           1|          27|
    |sub_ln306_fu_307_p2    |         -|   0|  0|   31|          24|          23|
    |sub_ln311_fu_221_p2    |         -|   0|  0|   71|           1|          64|
    |sub_ln33_fu_395_p2     |         -|   0|  0|  263|         257|         257|
    |and_ln42_fu_339_p2     |       and|   0|  0|    2|           1|           1|
    |icmp_ln19_fu_431_p2    |      icmp|   0|  0|   70|          63|           1|
    |icmp_ln33_fu_404_p2    |      icmp|   0|  0|  263|         257|         257|
    |icmp_ln42_fu_235_p2    |      icmp|   0|  0|   71|          64|          27|
    |q_1_fu_458_p3          |    select|   0|  0|   64|           1|          64|
    |select_ln19_fu_450_p3  |    select|   0|  0|   64|           1|          64|
    |select_ln33_fu_415_p3  |    select|   0|  0|   64|           1|          64|
    |xor_ln41_fu_281_p2     |       xor|   0|  0|    2|           1|           2|
    +-----------------------+----------+----+---+-----+------------+------------+
    |Total                  |          |   0|  0| 1213|         858|         900|
    +-----------------------+----------+----+---+-----+------------+------------+

    * Multiplexer: 
    +-------------------------+-----+-----------+-----+-----------+
    |           Name          | LUT | Input Size| Bits| Total Bits|
    +-------------------------+-----+-----------+-----+-----------+
    |ap_NS_fsm                |  476|         92|    1|         92|
    |output_r_address0_local  |   20|          4|    2|          8|
    |output_r_d0_local        |   20|          4|   64|        256|
    +-------------------------+-----+-----------+-----+-----------+
    |Total                    |  516|        100|   67|        356|
    +-------------------------+-----+-----------+-----+-----------+

    * Register: 
    +--------------------------------------------------------------+-----+----+-----+-----------+
    |                             Name                             |  FF | LUT| Bits| Const Bits|
    +--------------------------------------------------------------+-----+----+-----+-----------+
    |ap_CS_fsm                                                     |   91|   0|   91|          0|
    |denominator_reg_483                                           |   64|   0|   64|          0|
    |grp_numeric_top_Pipeline_VITIS_LOOP_28_1_fu_170_ap_start_reg  |    1|   0|    1|          0|
    |icmp_ln42_reg_512                                             |    1|   0|    1|          0|
    |mul_ln33_reg_535                                              |  256|   0|  256|          0|
    |numerator_2_reg_488                                           |   63|   0|   85|         22|
    |root_2_loc_fu_82                                              |  128|   0|  128|          0|
    |tmp_2_reg_506                                                 |    1|   0|    1|          0|
    |trunc_ln305_reg_517                                           |   14|   0|   14|          0|
    |trunc_ln33_reg_540                                            |   64|   0|   64|          0|
    +--------------------------------------------------------------+-----+----+-----+-----------+
    |Total                                                         |  683|   0|  705|         22|
    +--------------------------------------------------------------+-----+----+-----+-----------+



================================================================
== Interface
================================================================
* Summary: 
+-------------------+-----+-----+------------+--------------+--------------+
|     RTL Ports     | Dir | Bits|  Protocol  | Source Object|    C Type    |
+-------------------+-----+-----+------------+--------------+--------------+
|ap_clk             |   in|    1|  ap_ctrl_hs|   numeric_top|  return value|
|ap_rst             |   in|    1|  ap_ctrl_hs|   numeric_top|  return value|
|ap_start           |   in|    1|  ap_ctrl_hs|   numeric_top|  return value|
|ap_done            |  out|    1|  ap_ctrl_hs|   numeric_top|  return value|
|ap_idle            |  out|    1|  ap_ctrl_hs|   numeric_top|  return value|
|ap_ready           |  out|    1|  ap_ctrl_hs|   numeric_top|  return value|
|input_r_address0   |  out|    1|   ap_memory|       input_r|         array|
|input_r_ce0        |  out|    1|   ap_memory|       input_r|         array|
|input_r_q0         |   in|   64|   ap_memory|       input_r|         array|
|input_r_address1   |  out|    1|   ap_memory|       input_r|         array|
|input_r_ce1        |  out|    1|   ap_memory|       input_r|         array|
|input_r_q1         |   in|   64|   ap_memory|       input_r|         array|
|output_r_address0  |  out|    2|   ap_memory|      output_r|         array|
|output_r_ce0       |  out|    1|   ap_memory|      output_r|         array|
|output_r_we0       |  out|    1|   ap_memory|      output_r|         array|
|output_r_d0        |  out|   64|   ap_memory|      output_r|         array|
+-------------------+-----+-----+------------+--------------+--------------+

