================================================================
== Design Size Report
================================================================

* Total Instructions per Compilation Phase
+---------------+-----------------------------+--------------+----------------------------------------------------------------------------------------+
| Phase         | Step                        | Instructions | Description                                                                            |
+---------------+-----------------------------+--------------+----------------------------------------------------------------------------------------+
| Compile/Link  |                             |   574        | After all functions are compiled and linked into a single design                       |
|               |                             |              |                                                                                        |
| Unroll/Inline |                             |              | After user unroll and inline pragmas are applied                                       |
|               | (1) unroll                  |   507        | user unroll pragmas are applied                                                        |
|               | (2) simplification          |   423        | simplification of applied user unroll pragmas                                          |
|               | (3) inline                  |   431        | user inline pragmas are applied                                                        |
|               | (4) simplification          |   419        | simplification of applied user inline pragmas                                          |
|               |                             |              |                                                                                        |
| Array/Struct  |                             |              | After user array partition and struct aggregate/disaggregate pragmas are applied       |
|               | (1) array partition         |   414        | user array partition pragmas are applied                                               |
|               | (2) simplification          |   414        | simplification of applied user array partition & struct aggregate/disaggregate pragmas |
|               | (3) aggregate/disaggregate  |   414        | user struct aggregate/disaggregate pragmas are applied                                 |
|               | (4) array reshape           |   414        | apply array reshape pragmas                                                            |
|               | (5) access patterns         |   463        | array access pattern optmizations                                                      |
|               |                             |              |                                                                                        |
| Performance   |                             |              | After transformations are applied to meet performance pragma targets                   |
|               | (1) loop simplification     |   461        | loop and instruction simplification                                                    |
|               | (2) parallelization         |   497        | loops are unrolled or pipelined to meet performance targets                            |
|               | (3) array partition         | 1,315        | arrays are partitioned to meet performance targets                                     |
|               | (4) simplification          | 1,145        | simplification of design after performance transformations                             |
|               |                             |              |                                                                                        |
| HW Transforms |                             |              | After hardware transfomations                                                          |
|               | (1) lowering                | 1,187        | initial conversion to HW specific instructions                                         |
|               | (2) optimizations           | 1,194        | high level synthesis optimizations                                                     |
+---------------+-----------------------------+--------------+----------------------------------------------------------------------------------------+

* Instructions per Function for each Compilation Phase
+-------------------+------------------------+---------------+---------------+--------------+-------------+---------------+
| Function          | Location               | Compile/Link  | Unroll/Inline | Array/Struct | Performance | HW Transforms |
+-------------------+------------------------+---------------+---------------+--------------+-------------+---------------+
| + conv_via_tiling | merged_conv_top.cpp:45 | 574           | 419           | 463          | 1,145       | 1,194         |
|    out_dim        | common.h:28            |  12 (2 calls) |               |              |             |               |
|    ceil_div       | common.h:32            |  16 (4 calls) |               |              |             |               |
|    min_value      | common.h:36            |  12 (2 calls) |               |              |             |               |
|    conv_kernel    | merged_conv_top.cpp:14 |  88           |  56           |  61          |  283        |  304          |
+-------------------+------------------------+---------------+---------------+--------------+-------------+---------------+

* Design Size Message Settings
+---------------------------------------------+--------+------------------------------------------------------------------+
| Message Setting                             | Value  | Description                                                      |
+---------------------------------------------+--------+------------------------------------------------------------------+
| config_compile -design_size_maximum_warning | 100000 | Show a warning when total design instructions exceeds this value |
+---------------------------------------------+--------+------------------------------------------------------------------+


