

================================================================
== Vitis HLS Report for 'numeric_top'
================================================================
* Date:           Mon Oct  5 21:16:31 2026

* Version:        2024.1.2 (Build 5096458 on Sep  5 2024)
* Project:        smoke
* Solution:       solution1 (Vivado IP Flow Target)
* Product family: zynquplus
* Target device:  xczu9eg-ffvb1156-2-e


================================================================
== Performance Estimates
================================================================
+ Timing: 
    * Summary: 
    +--------+----------+----------+------------+
    |  Clock |  Target  | Estimated| Uncertainty|
    +--------+----------+----------+------------+
    |ap_clk  |  10.00 ns|  6.842 ns|     2.70 ns|
    +--------+----------+----------+------------+

+ Latency: 
    * Summary: 
    +---------+---------+----------+----------+-----+-----+---------+
    |  Latency (cycles) |  Latency (absolute) |  Interval | Pipeline|
    |   min   |   max   |    min   |    max   | min | max |   Type  |
    +---------+---------+----------+----------+-----+-----+---------+
    |      209|      209|  2.090 us|  2.090 us|  210|  210|       no|
    +---------+---------+----------+----------+-----+-----+---------+

    + Detail: 
        * Instance: 
        +-------------------------------------------------+--------------------------------------+---------+---------+----------+----------+-----+-----+-----------------------------------------------+
        |                                                 |                                      |  Latency (cycles) |  Latency (absolute) |  Interval |                    Pipeline                   |
        |                     Instance                    |                Module                |   min   |   max   |    min   |    max   | min | max |                      Type                     |
        +-------------------------------------------------+--------------------------------------+---------+---------+----------+----------+-----+-----+-----------------------------------------------+
        |grp_numeric_top_Pipeline_VITIS_LOOP_28_1_fu_174  |numeric_top_Pipeline_VITIS_LOOP_28_1  |       81|       81|  0.810 us|  0.810 us|   80|   80|  loop auto-rewind stp(delay=0 clock cycles(s))|
        +-------------------------------------------------+--------------------------------------+---------+---------+----------+----------+-----+-----+-----------------------------------------------+

        * Loop: 
        N/A



================================================================
== Utilization Estimates
================================================================
* Summary: 
+-----------------+---------+------+--------+--------+-----+
|       Name      | BRAM_18K|  DSP |   FF   |   LUT  | URAM|
+-----------------+---------+------+--------+--------+-----+
|DSP              |        -|     -|       -|       -|    -|
|Expression       |        -|     -|       0|    1542|    -|
|FIFO             |        -|     -|       -|       -|    -|
|Instance         |        -|    97|    2329|    2336|    -|
|Memory           |       14|     -|       0|       0|    -|
|Multiplexer      |        -|     -|       0|     723|    -|
|Register         |        -|     -|     933|       -|    -|
+-----------------+---------+------+--------+--------+-----+
|Total            |       14|    97|    3262|    4601|    0|
+-----------------+---------+------+--------+--------+-----+
|Available        |     1824|  2520|  548160|  274080|    0|
+-----------------+---------+------+--------+--------+-----+
|Utilization (%)  |       ~0|     3|      ~0|       1|    0|
+-----------------+---------+------+--------+--------+-----+

+ Detail: 
    * Instance: 
    +-------------------------------------------------+--------------------------------------+---------+----+-----+------+-----+
    |                     Instance                    |                Module                | BRAM_18K| DSP|  FF |  LUT | URAM|
    +-------------------------------------------------+--------------------------------------+---------+----+-----+------+-----+
    |mul_160ns_160ns_320_2_1_U5                       |mul_160ns_160ns_320_2_1               |        0|  82|  361|   178|    0|
    |mul_45ns_44ns_88_1_1_U3                          |mul_45ns_44ns_88_1_1                  |        0|   6|    0|    16|    0|
    |mul_45ns_45ns_89_1_1_U4                          |mul_45ns_45ns_89_1_1                  |        0|   9|    0|    16|    0|
    |grp_numeric_top_Pipeline_VITIS_LOOP_28_1_fu_174  |numeric_top_Pipeline_VITIS_LOOP_28_1  |        0|   0|  410|  1179|    0|
    |sdiv_124ns_80s_80_128_seq_1_U6                   |sdiv_124ns_80s_80_128_seq_1           |        0|   0|  779|   469|    0|
    |sparsemux_7_2_45_1_1_U8                          |sparsemux_7_2_45_1_1                  |        0|   0|    0|     9|    0|
    |srem_124ns_80s_79_128_seq_1_U7                   |srem_124ns_80s_79_128_seq_1           |        0|   0|  779|   469|    0|
    +-------------------------------------------------+--------------------------------------+---------+----+-----+------+-----+
    |Total                                            |                                      |        0|  97| 2329|  2336|    0|
    +-------------------------------------------------+--------------------------------------+---------+----+-----+------+-----+

    * DSP: 
    N/A

    * Memory: 
    +-----------+---------------------+---------+---+----+-----+------+-----+------+-------------+
    |   Memory  |        Module       | BRAM_18K| FF| LUT| URAM| Words| Bits| Banks| W*Bits*Banks|
    +-----------+---------------------+---------+---+----+-----+------+-----+------+-------------+
    |table_r_U  |table_r_ROM_AUTO_1R  |       14|  0|   0|    0|  4097|   45|     1|       184365|
    +-----------+---------------------+---------+---+----+-----+------+-----+------+-------------+
    |Total      |                     |       14|  0|   0|    0|  4097|   45|     1|       184365|
    +-----------+---------------------+---------+---+----+-----+------+-----+------+-------------+

    * FIFO: 
    N/A

    * Expression: 
    +-----------------------+----------+----+---+-----+------------+------------+
    |     Variable Name     | Operation| DSP| FF| LUT | Bitwidth P0| Bitwidth P1|
    +-----------------------+----------+----+---+-----+------------+------------+
    |add_ln19_fu_444_p2     |         +|   0|  0|   87|          80|           2|
    |add_ln307_fu_274_p2    |         +|   0|  0|   20|          13|           1|
    |add_ln33_fu_417_p2     |         +|   0|  0|   87|          80|           1|
    |value_2_fu_331_p2      |         +|   0|  0|   96|          89|          89|
    |sub_ln302_fu_249_p2    |         -|   0|  0|   56|           1|          49|
    |sub_ln306_fu_311_p2    |         -|   0|  0|   53|          46|          45|
    |sub_ln311_fu_225_p2    |         -|   0|  0|   87|           1|          80|
    |sub_ln33_fu_403_p2     |         -|   0|  0|  321|         321|         321|
    |and_ln42_fu_347_p2     |       and|   0|  0|    2|           1|           1|
    |icmp_ln19_fu_438_p2    |      icmp|   0|  0|   86|          79|           1|
    |icmp_ln33_fu_412_p2    |      icmp|   0|  0|  321|         321|         321|
    |icmp_ln42_fu_239_p2    |      icmp|   0|  0|   87|          80|          49|
    |q_1_fu_465_p3          |    select|   0|  0|   79|           1|          80|
    |select_ln19_fu_457_p3  |    select|   0|  0|   79|           1|          80|
    |select_ln33_fu_422_p3  |    select|   0|  0|   79|           1|          80|
    |xor_ln41_fu_285_p2     |       xor|   0|  0|    2|           1|           2|
    +-----------------------+----------+----+---+-----+------------+------------+
    |Total                  |          |   0|  0| 1542|        1116|        1202|
    +-----------------------+----------+----+---+-----+------------+------------+

    * Multiplexer: 
    +-------------------------+-----+-----------+-----+-----------+
    |           Name          | LUT | Input Size| Bits| Total Bits|
    +-------------------------+-----+-----------+-----+-----------+
    |ap_NS_fsm                |  683|        130|    1|        130|
    |output_r_address0_local  |   20|          4|    2|          8|
    |output_r_d0_local        |   20|          4|   80|        320|
    +-------------------------+-----+-----------+-----+-----------+
    |Total                    |  723|        138|   83|        458|
    +-------------------------+-----+-----------+-----+-----------+

    * Register: 
    +--------------------------------------------------------------+-----+----+-----+-----------+
    |                             Name                             |  FF | LUT| Bits| Const Bits|
    +--------------------------------------------------------------+-----+----+-----+-----------+
    |ap_CS_fsm                                                     |  129|   0|  129|          0|
    |denominator_reg_490                                           |   80|   0|   80|          0|
    |grp_numeric_top_Pipeline_VITIS_LOOP_28_1_fu_174_ap_start_reg  |    1|   0|    1|          0|
    |icmp_ln42_reg_519                                             |    1|   0|    1|          0|
    |numerator_2_reg_495                                           |   79|   0|  123|         44|
    |ref_tmp8_reg_539                                              |   45|   0|   45|          0|
    |root_2_loc_fu_86                                              |  160|   0|  160|          0|
    |sub_ln33_reg_559                                              |  321|   0|  321|          0|
    |tmp_2_reg_513                                                 |    1|   0|    1|          0|
    |trunc_ln305_reg_524                                           |   36|   0|   36|          0|
    |trunc_ln33_reg_553                                            |   80|   0|   80|          0|
    +--------------------------------------------------------------+-----+----+-----+-----------+
    |Total                                                         |  933|   0|  977|         44|
    +--------------------------------------------------------------+-----+----+-----+-----------+



================================================================
== Interface
================================================================
* Summary: 
+-------------------+-----+-----+------------+--------------+--------------+
|     RTL Ports     | Dir | Bits|  Protocol  | Source Object|    C Type    |
+-------------------+-----+-----+------------+--------------+--------------+
|ap_clk             |   in|    1|  ap_ctrl_hs|   numeric_top|  return value|
|ap_rst             |   in|    1|  ap_ctrl_hs|   numeric_top|  return value|
|ap_start           |   in|    1|  ap_ctrl_hs|   numeric_top|  return value|
|ap_done            |  out|    1|  ap_ctrl_hs|   numeric_top|  return value|
|ap_idle            |  out|    1|  ap_ctrl_hs|   numeric_top|  return value|
|ap_ready           |  out|    1|  ap_ctrl_hs|   numeric_top|  return value|
|input_r_address0   |  out|    1|   ap_memory|       input_r|         array|
|input_r_ce0        |  out|    1|   ap_memory|       input_r|         array|
|input_r_q0         |   in|   80|   ap_memory|       input_r|         array|
|input_r_address1   |  out|    1|   ap_memory|       input_r|         array|
|input_r_ce1        |  out|    1|   ap_memory|       input_r|         array|
|input_r_q1         |   in|   80|   ap_memory|       input_r|         array|
|output_r_address0  |  out|    2|   ap_memory|      output_r|         array|
|output_r_ce0       |  out|    1|   ap_memory|      output_r|         array|
|output_r_we0       |  out|    1|   ap_memory|      output_r|         array|
|output_r_d0        |  out|   80|   ap_memory|      output_r|         array|
+-------------------+-----+-----+------------+--------------+--------------+

